../Drivers/STM32F1xx_HAL_Driver/Inc/stm32f1xx_ll_i2c.h:1128:26:LL_I2C_IsActiveFlag_TXE	16	static
../Drivers/STM32F1xx_HAL_Driver/Inc/stm32f1xx_ll_i2c.h:1141:26:LL_I2C_IsActiveFlag_BTF	16	static
../Drivers/STM32F1xx_HAL_Driver/Inc/stm32f1xx_ll_i2c.h:1167:26:LL_I2C_IsActiveFlag_SB	16	static
../Drivers/STM32F1xx_HAL_Driver/Inc/stm32f1xx_ll_i2c.h:1180:26:LL_I2C_IsActiveFlag_ADDR	16	static
../Drivers/STM32F1xx_HAL_Driver/Inc/stm32f1xx_ll_i2c.h:1310:26:LL_I2C_IsActiveFlag_BUSY	16	static
../Drivers/STM32F1xx_HAL_Driver/Inc/stm32f1xx_ll_i2c.h:1566:22:LL_I2C_GenerateStartCondition	16	static
../Drivers/STM32F1xx_HAL_Driver/Inc/stm32f1xx_ll_i2c.h:1577:22:LL_I2C_GenerateStopCondition	16	static
../Drivers/STM32F1xx_HAL_Driver/Inc/stm32f1xx_ll_i2c.h:1601:22:LL_I2C_DisableBitPOS	16	static
../Drivers/STM32F1xx_HAL_Driver/Inc/stm32f1xx_ll_i2c.h:1739:22:LL_I2C_TransmitData8	16	static
../i2c/i2c.c:87:6:i2c_I2C1_masterTransmit	32	static
../i2c/i2c.c:155:6:LCD_Write_CMD	24	static
../i2c/i2c.c:161:6:LCD_Write_DATA	24	static
../i2c/i2c.c:167:6:LCD_Init	8	static
../i2c/i2c.c:179:6:LCD_Clear	8	static
../i2c/i2c.c:184:6:LCD_Location	16	static
../i2c/i2c.c:192:6:LCD_Write_String	32	static
../i2c/i2c.c:200:6:LCD_Write_Number	24	static
../i2c/i2c.c:207:6:LCD_Write_Float	32	static
../i2c/i2c.c:213:6:floatToStr	80	static
